// Jest Snapshot v1, https://goo.gl/fbAQLP

exports[`Tests on <GifGridItem /> should show component correctly 1`] = `
<div
  className="overflow-hidden rounded-md border-black border-2 xs:w-1/2 md:w-2/12 animate__animated animate__fadeIn mx-px my-5"
>
  <img
    alt="tittle"
    className="w-full md:h-5/6 sm:h-5/6 xs:h-5/6"
    src="https://localhost/something.jpg"
  />
  <p
    className="my-1 text-center"
  >
    tittle
  </p>
</div>
`;
