// Jest Snapshot v1, https://goo.gl/fbAQLP

exports[`tests on <GifGrid /> should show component correctly 1`] = `
<div
  className="bg-slate-100 p-5"
>
  <h3
    className="text-lg font-bold text-gray-900 sm:text-3xl sm:truncate mt-3 mb-5 mt-5"
  >
     
    pokemon
     
  </h3>
  <p
    className="animate__animated animate__flash"
  >
    Loading...
  </p>
  <div
    className="flex flex-wrap justify-around"
  />
</div>
`;
